// Jest Snapshot v1, https://goo.gl/fbAQLP

exports[`renders without crashing 1`] = `
<div>
  <ul
    style={
      Object {
        "textAlign": "left",
      }
    }
  >
    <li
      key="0"
    >
      <pre>
        Hello
      </pre>
    </li>
  </ul>
</div>
`;
