// Jest Snapshot v1, https://goo.gl/fbAQLP

exports[`renders without crashing 1`] = `
ShallowWrapper {
  Symbol(enzyme.__root__): [Circular],
  Symbol(enzyme.__unrendered__): <Clipboard />,
  Symbol(enzyme.__renderer__): Object {
    "batchedUpdates": [Function],
    "checkPropTypes": [Function],
    "getNode": [Function],
    "render": [Function],
    "simulateError": [Function],
    "simulateEvent": [Function],
    "unmount": [Function],
  },
  Symbol(enzyme.__node__): Object {
    "instance": null,
    "key": undefined,
    "nodeType": "host",
    "props": Object {
      "children": Array [
        <Status
          status=""
        />,
        <Card
          expandable={false}
          expanded={null}
          initiallyExpanded={false}
          style={
            Object {
              "flex": "1 1 400px",
              "margin": 10,
              "textAlign": "center",
            }
          }
        >
          <CardTitle
            subtitle="First you need to connect to the other device by entering the Device ID"
            title="Connect & Send"
          />
          <CardText
            style={
              Object {
                "paddingTop": 0,
              }
            }
          >
            <MuiComponent
              connectToRoom={[Function]}
              connectedToRoom={null}
              ownRoomNumber={null}
            />
            <MuiComponent
              connectedToRoom={null}
              sendMessage={[Function]}
              usersInRoom={0}
            />
          </CardText>
        </Card>,
        <Card
          expandable={false}
          expanded={null}
          initiallyExpanded={false}
          style={
            Object {
              "flex": "1 1 400px",
              "margin": 10,
              "textAlign": "center",
            }
          }
        >
          <CardTitle
            subtitle="The text you send to and receive from the other device will be shown here"
            title="Received text"
          />
          <CardText>
            <Receive
              receivedMessages={Array []}
            />
          </CardText>
        </Card>,
      ],
      "className": "container",
    },
    "ref": null,
    "rendered": Array [
      Object {
        "instance": null,
        "key": undefined,
        "nodeType": "class",
        "props": Object {
          "status": "",
        },
        "ref": null,
        "rendered": null,
        "type": [Function],
      },
      Object {
        "instance": null,
        "key": undefined,
        "nodeType": "class",
        "props": Object {
          "children": Array [
            <CardTitle
              subtitle="First you need to connect to the other device by entering the Device ID"
              title="Connect & Send"
            />,
            <CardText
              style={
                Object {
                  "paddingTop": 0,
                }
              }
            >
              <MuiComponent
                connectToRoom={[Function]}
                connectedToRoom={null}
                ownRoomNumber={null}
              />
              <MuiComponent
                connectedToRoom={null}
                sendMessage={[Function]}
                usersInRoom={0}
              />
            </CardText>,
          ],
          "expandable": false,
          "expanded": null,
          "initiallyExpanded": false,
          "style": Object {
            "flex": "1 1 400px",
            "margin": 10,
            "textAlign": "center",
          },
        },
        "ref": null,
        "rendered": Array [
          Object {
            "instance": null,
            "key": undefined,
            "nodeType": "class",
            "props": Object {
              "subtitle": "First you need to connect to the other device by entering the Device ID",
              "title": "Connect & Send",
            },
            "ref": null,
            "rendered": null,
            "type": [Function],
          },
          Object {
            "instance": null,
            "key": undefined,
            "nodeType": "class",
            "props": Object {
              "children": Array [
                <MuiComponent
                  connectToRoom={[Function]}
                  connectedToRoom={null}
                  ownRoomNumber={null}
                />,
                <MuiComponent
                  connectedToRoom={null}
                  sendMessage={[Function]}
                  usersInRoom={0}
                />,
              ],
              "style": Object {
                "paddingTop": 0,
              },
            },
            "ref": null,
            "rendered": Array [
              Object {
                "instance": null,
                "key": undefined,
                "nodeType": "function",
                "props": Object {
                  "connectToRoom": [Function],
                  "connectedToRoom": null,
                  "ownRoomNumber": null,
                },
                "ref": null,
                "rendered": null,
                "type": [Function],
              },
              Object {
                "instance": null,
                "key": undefined,
                "nodeType": "function",
                "props": Object {
                  "connectedToRoom": null,
                  "sendMessage": [Function],
                  "usersInRoom": 0,
                },
                "ref": null,
                "rendered": null,
                "type": [Function],
              },
            ],
            "type": [Function],
          },
        ],
        "type": [Function],
      },
      Object {
        "instance": null,
        "key": undefined,
        "nodeType": "class",
        "props": Object {
          "children": Array [
            <CardTitle
              subtitle="The text you send to and receive from the other device will be shown here"
              title="Received text"
            />,
            <CardText>
              <Receive
                receivedMessages={Array []}
              />
            </CardText>,
          ],
          "expandable": false,
          "expanded": null,
          "initiallyExpanded": false,
          "style": Object {
            "flex": "1 1 400px",
            "margin": 10,
            "textAlign": "center",
          },
        },
        "ref": null,
        "rendered": Array [
          Object {
            "instance": null,
            "key": undefined,
            "nodeType": "class",
            "props": Object {
              "subtitle": "The text you send to and receive from the other device will be shown here",
              "title": "Received text",
            },
            "ref": null,
            "rendered": null,
            "type": [Function],
          },
          Object {
            "instance": null,
            "key": undefined,
            "nodeType": "class",
            "props": Object {
              "children": <Receive
                receivedMessages={Array []}
              />,
            },
            "ref": null,
            "rendered": Object {
              "instance": null,
              "key": undefined,
              "nodeType": "function",
              "props": Object {
                "receivedMessages": Array [],
              },
              "ref": null,
              "rendered": null,
              "type": [Function],
            },
            "type": [Function],
          },
        ],
        "type": [Function],
      },
    ],
    "type": "div",
  },
  Symbol(enzyme.__nodes__): Array [
    Object {
      "instance": null,
      "key": undefined,
      "nodeType": "host",
      "props": Object {
        "children": Array [
          <Status
            status=""
          />,
          <Card
            expandable={false}
            expanded={null}
            initiallyExpanded={false}
            style={
              Object {
                "flex": "1 1 400px",
                "margin": 10,
                "textAlign": "center",
              }
            }
          >
            <CardTitle
              subtitle="First you need to connect to the other device by entering the Device ID"
              title="Connect & Send"
            />
            <CardText
              style={
                Object {
                  "paddingTop": 0,
                }
              }
            >
              <MuiComponent
                connectToRoom={[Function]}
                connectedToRoom={null}
                ownRoomNumber={null}
              />
              <MuiComponent
                connectedToRoom={null}
                sendMessage={[Function]}
                usersInRoom={0}
              />
            </CardText>
          </Card>,
          <Card
            expandable={false}
            expanded={null}
            initiallyExpanded={false}
            style={
              Object {
                "flex": "1 1 400px",
                "margin": 10,
                "textAlign": "center",
              }
            }
          >
            <CardTitle
              subtitle="The text you send to and receive from the other device will be shown here"
              title="Received text"
            />
            <CardText>
              <Receive
                receivedMessages={Array []}
              />
            </CardText>
          </Card>,
        ],
        "className": "container",
      },
      "ref": null,
      "rendered": Array [
        Object {
          "instance": null,
          "key": undefined,
          "nodeType": "class",
          "props": Object {
            "status": "",
          },
          "ref": null,
          "rendered": null,
          "type": [Function],
        },
        Object {
          "instance": null,
          "key": undefined,
          "nodeType": "class",
          "props": Object {
            "children": Array [
              <CardTitle
                subtitle="First you need to connect to the other device by entering the Device ID"
                title="Connect & Send"
              />,
              <CardText
                style={
                  Object {
                    "paddingTop": 0,
                  }
                }
              >
                <MuiComponent
                  connectToRoom={[Function]}
                  connectedToRoom={null}
                  ownRoomNumber={null}
                />
                <MuiComponent
                  connectedToRoom={null}
                  sendMessage={[Function]}
                  usersInRoom={0}
                />
              </CardText>,
            ],
            "expandable": false,
            "expanded": null,
            "initiallyExpanded": false,
            "style": Object {
              "flex": "1 1 400px",
              "margin": 10,
              "textAlign": "center",
            },
          },
          "ref": null,
          "rendered": Array [
            Object {
              "instance": null,
              "key": undefined,
              "nodeType": "class",
              "props": Object {
                "subtitle": "First you need to connect to the other device by entering the Device ID",
                "title": "Connect & Send",
              },
              "ref": null,
              "rendered": null,
              "type": [Function],
            },
            Object {
              "instance": null,
              "key": undefined,
              "nodeType": "class",
              "props": Object {
                "children": Array [
                  <MuiComponent
                    connectToRoom={[Function]}
                    connectedToRoom={null}
                    ownRoomNumber={null}
                  />,
                  <MuiComponent
                    connectedToRoom={null}
                    sendMessage={[Function]}
                    usersInRoom={0}
                  />,
                ],
                "style": Object {
                  "paddingTop": 0,
                },
              },
              "ref": null,
              "rendered": Array [
                Object {
                  "instance": null,
                  "key": undefined,
                  "nodeType": "function",
                  "props": Object {
                    "connectToRoom": [Function],
                    "connectedToRoom": null,
                    "ownRoomNumber": null,
                  },
                  "ref": null,
                  "rendered": null,
                  "type": [Function],
                },
                Object {
                  "instance": null,
                  "key": undefined,
                  "nodeType": "function",
                  "props": Object {
                    "connectedToRoom": null,
                    "sendMessage": [Function],
                    "usersInRoom": 0,
                  },
                  "ref": null,
                  "rendered": null,
                  "type": [Function],
                },
              ],
              "type": [Function],
            },
          ],
          "type": [Function],
        },
        Object {
          "instance": null,
          "key": undefined,
          "nodeType": "class",
          "props": Object {
            "children": Array [
              <CardTitle
                subtitle="The text you send to and receive from the other device will be shown here"
                title="Received text"
              />,
              <CardText>
                <Receive
                  receivedMessages={Array []}
                />
              </CardText>,
            ],
            "expandable": false,
            "expanded": null,
            "initiallyExpanded": false,
            "style": Object {
              "flex": "1 1 400px",
              "margin": 10,
              "textAlign": "center",
            },
          },
          "ref": null,
          "rendered": Array [
            Object {
              "instance": null,
              "key": undefined,
              "nodeType": "class",
              "props": Object {
                "subtitle": "The text you send to and receive from the other device will be shown here",
                "title": "Received text",
              },
              "ref": null,
              "rendered": null,
              "type": [Function],
            },
            Object {
              "instance": null,
              "key": undefined,
              "nodeType": "class",
              "props": Object {
                "children": <Receive
                  receivedMessages={Array []}
                />,
              },
              "ref": null,
              "rendered": Object {
                "instance": null,
                "key": undefined,
                "nodeType": "function",
                "props": Object {
                  "receivedMessages": Array [],
                },
                "ref": null,
                "rendered": null,
                "type": [Function],
              },
              "type": [Function],
            },
          ],
          "type": [Function],
        },
      ],
      "type": "div",
    },
  ],
  Symbol(enzyme.__options__): Object {
    "adapter": ReactSixteenAdapter {
      "options": Object {
        "enableComponentDidUpdateOnSetState": true,
        "legacyContextMode": "parent",
        "lifecycles": Object {
          "componentDidUpdate": Object {
            "onSetState": true,
          },
          "getChildContext": Object {
            "calledByRenderer": false,
          },
          "getDerivedStateFromError": true,
          "getDerivedStateFromProps": Object {
            "hasShouldComponentUpdateBug": false,
          },
          "getSnapshotBeforeUpdate": true,
          "setState": Object {
            "skipsComponentDidUpdateOnNullish": true,
          },
        },
      },
    },
    Symbol(enzyme.__providerValues__): undefined,
  },
  Symbol(enzyme.__providerValues__): Map {},
  Symbol(enzyme.__childContext__): null,
}
`;
